=> e0c40000ff058000002c800000c38000000000000000000000000a02ec9f2208a838117fc1af203a40a88783b5813252ff01746573743174657374746573747465737474657374746573747465737474657374746573747465737474657374746573747465737474657374746573747465737474657374746573747465737474657374746573747465737474657374746573747465737474657374746573747465737474657374746573747465737474657465737474657374746573747465737474657374746573747465737474657374746573747465737474657374746573747465737474657374746573747465737474657374746573747465737474657374746573
<= 9000
=> e0c48000ff7474657374746573747465737474657374746573747465737474657374746573747465737474657374746573735ad202081f12cb020a31747970652e676f6f676c65617069732e636f6d2f70726f746f636f6c2e54726967676572536d617274436f6e74726163741295020a15410dfba2397e8746cddd023d7670d8e0cdc1d497b81215410e1bce983f78f8913002c3f7e52daf78de6da2cb22e40138ed17390000000000000000000000000000000000000000000000c1d25decd18aa2b81b0000000000000000000000000000000000000000000000c1d25decd18aa2b81b00000000000000000000000000000000000000000000000000000000000000
<= 9000
=> e0c4900090a0000000000000000000000000573708726db88a32c1b9c828fef508577cfb848300000000000000000000000000000000000000000000000000000000611e29fd0000000000000000000000000000000000000000000000000000000000000001000000000000000000000000fdb67e4809d920096050e4b0c7d4f8f2ea27f699286470c6b4ffb48132900180ade204
<=   6e
